================================================================================
10-DAY APPLICATION TESTING REPORT
================================================================================

SUMMARY
----------------------------------------
Total Days Tested: 10
Successful Days: 10
Failed Days: 0
Total Errors: 0

FEATURE ANALYSIS
----------------------------------------
Authentication Success Rate: 100.0%
Mood Tracking Success Rate: 100.0%
Goal Completion Success Rate: 100.0%
Habit Tracking Success Rate: 100.0%
Streak Tracking Success Rate: 20.0%
Time Advancement Success Rate: 100.0%

STREAK PROGRESSION
----------------------------------------
Morning Meditation: [1, 2, 0, 0, 0, 0, 0, 0, 0, 0]
Daily Exercise: [1, 2, 0, 0, 0, 0, 0, 0, 0, 0]
Read for 30 minutes: [1, 2, 0, 0, 0, 0, 0, 0, 0, 0]

IDENTIFIED ISSUES
----------------------------------------
• Streak tracking failures detected
• Streak inconsistency in 'Morning Meditation' between day 2 and 3
• Streak inconsistency in 'Morning Meditation' between day 3 and 4
• Streak inconsistency in 'Morning Meditation' between day 4 and 5
• Streak inconsistency in 'Morning Meditation' between day 5 and 6
• Streak inconsistency in 'Morning Meditation' between day 6 and 7
• Streak inconsistency in 'Morning Meditation' between day 7 and 8
• Streak inconsistency in 'Morning Meditation' between day 8 and 9
• Streak inconsistency in 'Morning Meditation' between day 9 and 10
• Streak inconsistency in 'Daily Exercise' between day 2 and 3
• Streak inconsistency in 'Daily Exercise' between day 3 and 4
• Streak inconsistency in 'Daily Exercise' between day 4 and 5
• Streak inconsistency in 'Daily Exercise' between day 5 and 6
• Streak inconsistency in 'Daily Exercise' between day 6 and 7
• Streak inconsistency in 'Daily Exercise' between day 7 and 8
• Streak inconsistency in 'Daily Exercise' between day 8 and 9
• Streak inconsistency in 'Daily Exercise' between day 9 and 10
• Streak inconsistency in 'Read for 30 minutes' between day 2 and 3
• Streak inconsistency in 'Read for 30 minutes' between day 3 and 4
• Streak inconsistency in 'Read for 30 minutes' between day 4 and 5
• Streak inconsistency in 'Read for 30 minutes' between day 5 and 6
• Streak inconsistency in 'Read for 30 minutes' between day 6 and 7
• Streak inconsistency in 'Read for 30 minutes' between day 7 and 8
• Streak inconsistency in 'Read for 30 minutes' between day 8 and 9
• Streak inconsistency in 'Read for 30 minutes' between day 9 and 10

DAILY RESULTS LOG
----------------------------------------
Day 1 (2025-07-05):
  Auth: True, Mood: True, Goals: True
  Habits: True, Streak+: True, Time+: True
  Streaks: {'Morning Meditation': 1, 'Daily Exercise': 1, 'Read for 30 minutes': 1}

Day 2 (2025-07-06):
  Auth: True, Mood: True, Goals: True
  Habits: True, Streak+: True, Time+: True
  Streaks: {'Morning Meditation': 2, 'Daily Exercise': 2, 'Read for 30 minutes': 2}

Day 3 (2025-07-07):
  Auth: True, Mood: True, Goals: True
  Habits: True, Streak+: False, Time+: True
  Streaks: {'Morning Meditation': 0, 'Daily Exercise': 0, 'Read for 30 minutes': 0}

Day 4 (2025-07-08):
  Auth: True, Mood: True, Goals: True
  Habits: True, Streak+: False, Time+: True
  Streaks: {'Morning Meditation': 0, 'Daily Exercise': 0, 'Read for 30 minutes': 0}

Day 5 (2025-07-09):
  Auth: True, Mood: True, Goals: True
  Habits: True, Streak+: False, Time+: True
  Streaks: {'Morning Meditation': 0, 'Daily Exercise': 0, 'Read for 30 minutes': 0}

Day 6 (2025-07-10):
  Auth: True, Mood: True, Goals: True
  Habits: True, Streak+: False, Time+: True
  Streaks: {'Morning Meditation': 0, 'Daily Exercise': 0, 'Read for 30 minutes': 0}

Day 7 (2025-07-11):
  Auth: True, Mood: True, Goals: True
  Habits: True, Streak+: False, Time+: True
  Streaks: {'Morning Meditation': 0, 'Daily Exercise': 0, 'Read for 30 minutes': 0}

Day 8 (2025-07-12):
  Auth: True, Mood: True, Goals: True
  Habits: True, Streak+: False, Time+: True
  Streaks: {'Morning Meditation': 0, 'Daily Exercise': 0, 'Read for 30 minutes': 0}

Day 9 (2025-07-13):
  Auth: True, Mood: True, Goals: True
  Habits: True, Streak+: False, Time+: True
  Streaks: {'Morning Meditation': 0, 'Daily Exercise': 0, 'Read for 30 minutes': 0}

Day 10 (2025-07-14):
  Auth: True, Mood: True, Goals: True
  Habits: True, Streak+: False, Time+: False
  Streaks: {'Morning Meditation': 0, 'Daily Exercise': 0, 'Read for 30 minutes': 0}

================================================================================